// Vitest Snapshot v1, https://vitest.dev/guide/snapshot.html

exports[`About component > matches snapshot 1`] = `
<div>
  <div
    class="min-h-screen bg-gray-50 py-16 px-4"
  >
    <div
      class="max-w-4xl mx-auto bg-white p-10 rounded-xl shadow-md"
    >
      <h2
        class="text-4xl font-bold text-center text-gray-800 mb-6"
      >
        About FlexWearShop
      </h2>
      <p
        class="text-gray-600 text-lg leading-relaxed mb-4"
      >
        Welcome to 
        <span
          class="font-semibold text-blue-600"
        >
          FlexWearShop
        </span>
         — your one-stop destination for fashion that’s flexible, fresh, and fabulous.
      </p>
      <p
        class="text-gray-600 text-lg leading-relaxed mb-4"
      >
        We’re passionate about helping you express your personal style with quality clothing, shoes, and accessories. Whether you're dressing for comfort, performance, or making a statement, we have something for everyone.
      </p>
      <p
        class="text-gray-600 text-lg leading-relaxed mb-4"
      >
        Our mission is simple: to deliver premium fashion with a seamless shopping experience. From handpicked collections to smooth checkout, we make fashion fun and easy.
      </p>
      <p
        class="text-gray-600 text-lg leading-relaxed"
      >
        Thank you for choosing 
        <span
          class="font-semibold text-blue-600"
        >
          FlexWearShop
        </span>
        . We’re here to help you look great and feel confident—every single day.
      </p>
    </div>
  </div>
</div>
`;
